: GUINESSPENELOPEWAHLBERGNICKCHASEEDDAVISJENNIFERLOLLOBRIGIDAJOHNNYNICHOLSONBETTEMOSTELGRACEJOHANSSONMATTHEWSWANKJOEGABLECHRISTIANCAGEZEROBERRYKARLWOODUMABERGENVIVIENOLIVIERCUBACOSTNERFREDVOIGHTHELENTORNDANFAWCETTBOBTRACYLUCILLEPALTROWKIRSTENMARXELVISKILMERSANDRASTREEPCAMERONBLOOMKEVIN _DIV	{innerText=' GUINESSPENELOPEWAHLBERGNICKCHASEEDDAVISJENNIFERLOLLOBRIGIDAJOHNNYNICHOLSONBETTEMOSTELGRACEJOHANSSONMATTHEWSWANKJOEGABLECHRISTIANCAGEZEROBERRYKARLWOODUMABERGENVIVIENOLIVIERCUBACOSTNERFREDVOIGHTHELENTORNDANFAWCETTBOBTRACYLUCILLEPALTROWKIRSTENMARXELVISKILMERSANDRASTREEPCAMERONBLOOMKEVIN ' tagName='DIV'}
: SWANKJOESTREEPCAMERONSOBIESKISISSYSTALLONENICKSINATRAGROUCHOSTREEPDANSILVERSTONEJEFFSUVARIJOHNSILVERSTONEJAYNE _DIV	{innerText=' SWANKJOESTREEPCAMERONSOBIESKISISSYSTALLONENICKSINATRAGROUCHOSTREEPDANSILVERSTONEJEFFSUVARIJOHNSILVERSTONEJAYNE ' tagName='DIV'}
:41477_Edit	{id='41477' type='Edit'}
:41477_Edit_2	{id='41477' occurrence='2' type='Edit'}
:????_Internet Explorer_TridentCmboBx	{id='13' text='????' type='Internet Explorer_TridentCmboBx'}
:????_Internet Explorer_TridentCmboBx_10	{id='6' text='????' type='Internet Explorer_TridentCmboBx'}
:????_Internet Explorer_TridentCmboBx_2	{id='28' text='????' type='Internet Explorer_TridentCmboBx'}
:????_Internet Explorer_TridentCmboBx_3	{id='35' text='????' type='Internet Explorer_TridentCmboBx'}
:????_Internet Explorer_TridentCmboBx_4	{id='36' text='????' type='Internet Explorer_TridentCmboBx'}
:????_Internet Explorer_TridentCmboBx_5	{id='42' text='????' type='Internet Explorer_TridentCmboBx'}
:????_Internet Explorer_TridentCmboBx_6	{id='55' text='????' type='Internet Explorer_TridentCmboBx'}
:????_Internet Explorer_TridentCmboBx_7	{id='67' text='????' type='Internet Explorer_TridentCmboBx'}
:????_Internet Explorer_TridentCmboBx_8	{id='71' text='????' type='Internet Explorer_TridentCmboBx'}
:????_Internet Explorer_TridentCmboBx_9	{id='5' text='????' type='Internet Explorer_TridentCmboBx'}
:ActorId9FirstNameJOELastNameSWANK_DIV	{innerText='ActorId9FirstNameJOELastNameSWANK' occurrence='2' tagName='DIV'}
:Actor_SPAN	{innerText='Actor' tagName='SPAN'}
:Amazon Search (REST)_submit	{innerText='Amazon Search (REST)' tagName='BUTTON' type='submit'}
:Babelfish (REST)_submit	{innerText='Babelfish (REST)' tagName='BUTTON' type='submit'}
:Close_button	{id='studio_servicePane_serviceDialog_closeButton' innerText='Close' tagName='BUTTON' type='button' value='Close'}
:Close_button_2	{id='studio_pane_bindDialog_applyButton' innerText='Close' tagName='BUTTON' type='button' value='Close'}
:Components_button	{innerText='Components' tagName='BUTTON' type='button' value='Components'}
:DOCUMENT	DOCUMENT
:DOCUMENT.HTML1	DOCUMENT.HTML1
:DOCUMENT.HTML1.BODY1.DIV12	DOCUMENT.HTML1.BODY1.DIV12
:DOCUMENT.HTML1.BODY1.DIV14.DIV2.DIV2.DIV1.DIV1.DIV5.DIV1.DIV1.DIV1.DIV2.UL8.LI1.UL1.LI1.SPAN1.EM1	DOCUMENT.HTML1.BODY1.DIV14.DIV2.DIV2.DIV1.DIV1.DIV5.DIV1.DIV1.DIV1.DIV2.UL8.LI1.UL1.LI1.SPAN1.EM1
:DOCUMENT.HTML1.BODY1.DIV6.DIV2.DIV4.DIV1.DIV1.DIV1.DIV2.DIV1.DIV1.DIV2.UL2.LI1.UL1.LI1.UL1.LI1.IMG1	DOCUMENT.HTML1.BODY1.DIV6.DIV2.DIV4.DIV1.DIV1.DIV1.DIV2.DIV1.DIV1.DIV2.UL2.LI1.UL1.LI1.UL1.LI1.IMG1
:Dashboard_button	{innerText='Dashboard' tagName='BUTTON' type='button' value='Dashboard'}
:Dashboard_submit	{innerText='Dashboard' tagName='BUTTON' type='submit'}
:Data Model_button	{innerText='Data Model' tagName='BUTTON' type='button' value='Data Model'}
:Design_button	{innerText='Design' tagName='BUTTON' type='button' value='Design'}
:Done_msctls_statusbar32	{id='40961' text='Done' type='msctls_statusbar32'}
:EmployeeHierarchy_DIV	{innerText='EmployeeHierarchy' tagName='DIV'}
:Events_button	{innerText='Events' tagName='BUTTON' type='button' value='Events'}
:GUINESSPENELOPE WAHLBERGNICK CHASEED DAVISJENNIFER LOLLOBRIGIDAJOHNNY NICHOLSONBETTE MOSTELGRACE JOHANSSONMATTHEW SWANKJOE GABLECHRISTIAN CAGEZERO BERRYKARL WOODUMA BERGENVIVIEN OLIVIERCUBA COSTNERFRED VOIGHTHELEN TORNDAN FAWCETTBOB TRACYLUCILLE PALTROWKIRSTEN MARXELVIS KILMERSANDRA STREEPCAMERON BLOOMKEVIN_DIV	{innerText='GUINESSPENELOPE WAHLBERGNICK CHASEED DAVISJENNIFER LOLLOBRIGIDAJOHNNY NICHOLSONBETTE MOSTELGRACE JOHANSSONMATTHEW SWANKJOE GABLECHRISTIAN CAGEZERO BERRYKARL WOODUMA BERGENVIVIEN OLIVIERCUBA COSTNERFRED VOIGHTHELEN TORNDAN FAWCETTBOB TRACYLUCILLE PALTROWKIRSTEN MARXELVIS KILMERSANDRA STREEPCAMERON BLOOMKEVIN' occurrence='4' tagName='DIV'}
:Get Feed_button	{id='main_getFeedPane_getFeedPage_getFeedButton' innerText='Get Feed' tagName='BUTTON' type='button' value='Get Feed'}
:Get Feed_submit	{id='main_getFeedPane_getFeedPage_getFeedButton' innerText='Get Feed' tagName='BUTTON' type='submit'}
:Get New Messages_button	{id='main_gmailPane_gmailAtomPage_getGmail' innerText='Get New Messages' tagName='BUTTON' type='button' value='Get New Messages'}
:Get New Messages_submit	{id='main_gmailPane_gmailAtomPage_getGmail' innerText='Get New Messages' tagName='BUTTON' type='submit'}
:Gmail Reader (Atom)_submit	{innerText='Gmail Reader (Atom)' tagName='BUTTON' type='submit'}
:Images_A	{innerText='Images' tagName='A'}
:Import_button	{id='studio_dataObjectsPane_dataObjectsEditor_importButton' innerText='Import' tagName='BUTTON' type='button' value='Import'}
:It's Now Completely Impossible To Sell A Laptop On Ebay_TD	{innerText='It\\'s Now Completely Impossible To Sell A Laptop On Ebay' tagName='TD'}
:LastNameSWANK_DIV	{innerText='LastNameSWANK' tagName='DIV'}
:Launch RolodexSimple_DIV	{innerText='Launch RolodexSimple' occurrence='4' tagName='DIV'}
:Live Layout_button	{id='studio_liveDataBtn' innerText='Live Layout' tagName='BUTTON' type='button' value='<IMG src="http://localhost:8094/studio/static/turbo09/studio/images/proj_deploy.gif"> Live Layout'}
:Maps_A	{innerText='Maps' tagName='A'}
:My Maps_A	{id='paneltab3' innerText='My Maps' tagName='A'}
:New_button	{id='studio_welcomePane_welcome_newProjectButton' innerText='New' tagName='BUTTON' type='button' value='<IMG height=24 src="http://localhost:8094/studio/static/turbo09/studio/images/new_proj_24.png" width=24> New'}
:OpenKapow service_A	{innerText='OpenKapow service' tagName='A'}
:Open_button	{id='studio_welcomePane_welcome_openProjectButton' innerText='Open' tagName='BUTTON' type='button' value='<IMG height=24 src="http://localhost:8094/studio/static/turbo09/studio/images/open_proj_24.png" width=24> Open'}
:Open_submit	{id='studio_welcomePane_welcome_openProjectButton' innerText='Open' tagName='BUTTON' type='submit'}
:Page (Main)_SPAN	{innerText='Page (Main)' tagName='SPAN'}
:Properties_button	{innerText='Properties' tagName='BUTTON' type='button' value='Properties'}
:RolodexSimple_DIV	{innerText='RolodexSimple' tagName='DIV'}
:Run..._button	{id='studio_projectPreviewBtn' innerText='Run...' tagName='BUTTON' type='button' value='<IMG src="http://localhost:8094/studio/static/turbo09/studio/images/proj_preview.gif"> Run...'}
:Run..._submit	{id='studio_projectPreviewBtn' innerText='Run...' tagName='BUTTON' type='submit'}
:Runtime Error!\n\nProgram: C:\\Program Files\\Internet Explorer\\iexplore.exe\n\nR6025\r\n- pure virtual function call\r\n_Static	{id='65535' text='Runtime Error!\n\nProgram: C:\\\\Program Files\\\\Internet Explorer\\\\iexplore.exe\n\nR6025\r\n- pure virtual function call\r\n' type='Static'}
:SWANKJOE STREEPCAMERON SOBIESKISISSY STALLONENICK SINATRAGROUCHO STREEPDAN SILVERSTONEJEFF SUVARIJOHN SILVERSTONEJAYNE_DIV	{innerText='SWANKJOE STREEPCAMERON SOBIESKISISSY STALLONENICK SINATRAGROUCHO STREEPDAN SILVERSTONEJEFF SUVARIJOHN SILVERSTONEJAYNE' occurrence='4' tagName='DIV'}
:SWANK_TD	{innerText='SWANK' tagName='TD'}
:Save Project_button	{id='studio_saveProjectBtn' innerText='Save Project' tagName='BUTTON' type='button' value='<IMG src="http://localhost:8094/studio/static/turbo09/studio/images/proj_save.gif"> Save Project'}
:Search_button	{id='main_searchButton' innerText='Search' tagName='BUTTON' type='button' value='Search'}
:Search_submit	{id='main_searchButton' innerText='Search' tagName='BUTTON' type='submit'}
:Squish_DIV	{innerText='Squish' tagName='DIV'}
:Squish_TD	{innerText='Squish' tagName='TD'}
:Stock Quote (SOAP)_submit	{innerText='Stock Quote (SOAP)' tagName='BUTTON' type='submit'}
:Styles_button	{innerText='Styles' tagName='BUTTON' type='button' value='Styles'}
:Test Connection_button	{id='studio_dataObjectsPane_dataObjectsEditor_testConnectionButtonn' innerText='Test Connection' tagName='BUTTON' type='button' value='Test Connection'}
:TextProject_DIV	{innerText='TextProject' tagName='DIV'}
:Timothy's email went on for about two weeks, so we've tried to edit it for length._TD	{innerText='Timothy\\'s email went on for about two weeks, so we\\'ve tried to edit it for length.' tagName='TD'}
:WaveMaker Software_A	{innerText='WaveMaker Software' tagName='A'}
:Weather Forecast (SOAP)_submit	{innerText='Weather Forecast (SOAP)' tagName='BUTTON' type='submit'}
:WebServicesSample_DIV	{innerText='WebServicesSample' tagName='DIV'}
:WebServicesSample_TD	{innerText='WebServicesSample' tagName='TD'}
:Widgets_button	{innerText='Widgets' tagName='BUTTON' type='button' value='Widgets'}
:[Window]	[Window]
:_#32770	{id='' type='#32770'}
:_ComboLBox	{id='1000' text='' type='ComboLBox'}
:autoForm1_SPAN	{innerText='autoForm1' tagName='SPAN'}
:autoUpdate_checkbox	{name='autoUpdate' tagName='INPUT' type='checkbox' value='on'}
:caption_text	{name='caption' tagName='INPUT' type='text'}
:contactDetails_SPAN	{innerText='contactDetails' tagName='SPAN'}
:dataSet: [turbo.Variable]_SPAN	{innerText='dataSet: [turbo.Variable]' tagName='SPAN'}
:dataSet: turbo.Variable_SPAN	{innerText='dataSet: turbo.Variable' occurrence='2' tagName='SPAN'}
:dijit_form_ValidationTextBox_0_text	{id='dijit_form_ValidationTextBox_0' tagName='INPUT' type='text'}
:editorSizeUnits_select-one	{name='editorSizeUnits' tagName='SELECT' type='select-one'}
:getActorById_SPAN	{innerText='getActorById' tagName='SPAN'}
:getCustomerById: testdb.data.Customers_SPAN	{innerText='getCustomerById: testdb.data.Customers' tagName='SPAN'}
:getCustomerById_SPAN	{innerText='getCustomerById' tagName='SPAN'}
:http://localhost:8080/TestSample/test.html	http://localhost:8080/TestSample/test.html
:http://localhost:8094/RolodexSimple/	http://localhost:8094/RolodexSimple/
:http://localhost:8094/studio/static/turbo09/studio/	http://localhost:8094/studio/static/turbo09/studio/
:http://localhost:8094/studio/static/turbo09/studio1/	http://localhost:8094/studio/static/turbo09/studio1/
:http:\\\\www.google.com	http:\\\\www.google.com
:imghp	imghp
:index.html	index.html
:index.html<2>	index.html<2>
:label1_SPAN	{innerText='label1' tagName='SPAN'}
:label2_SPAN	{innerText='label2' tagName='SPAN'}
:lastName_SPAN	{innerText='lastName' tagName='SPAN'}
:layoutBox1_SPAN	{innerText='layoutBox1' tagName='SPAN'}
:main_getFeedPane_getFeedPage_content_DIV	{id='main_getFeedPane_getFeedPage_content' tagName='DIV'}
:maps	maps
:on_checkbox	{occurrence='12' tagName='INPUT' type='checkbox' value='on'}
:on_checkbox_2	{occurrence='15' tagName='INPUT' type='checkbox' value='on'}
:on_checkbox_3	{occurrence='17' tagName='INPUT' type='checkbox' value='on'}
:on_checkbox_4	{occurrence='22' tagName='INPUT' type='checkbox' value='on'}
:on_checkbox_5	{occurrence='28' tagName='INPUT' type='checkbox' value='on'}
:panel1_SPAN	{innerText='panel1' tagName='SPAN'}
:sakilalight_DIV	{innerText='sakilalight' occurrence='4' tagName='DIV'}
:searchButton_SPAN	{innerText='searchButton' tagName='SPAN'}
:searchEditor_SPAN	{innerText='searchEditor' tagName='SPAN'}
:selectedItem: testdb.data.Customers_SPAN	{innerText='selectedItem: testdb.data.Customers' tagName='SPAN'}
:sizeUnits_select-one	{name='sizeUnits' tagName='SELECT' type='select-one'}
:studio_dashboardPane_dashboard_datamodelAddButton_button	{id='studio_dashboardPane_dashboard_datamodelAddButton' tagName='BUTTON' type='button' value='<IMG src="http://localhost:8094/studio/static/turbo09/studio/images/toolbar_add.png">'}
:studio_dataObjectsPane_dataObjectsEditor_extraInput_text	{id='studio_dataObjectsPane_dataObjectsEditor_extraInput' tagName='INPUT' type='text'}
:studio_dataObjectsPane_dataObjectsEditor_serviceNameInput_text	{id='studio_dataObjectsPane_dataObjectsEditor_serviceNameInput' tagName='INPUT' type='text'}
:studio_dataObjectsPane_dataObjectsEditor_usernameInput_text	{id='studio_dataObjectsPane_dataObjectsEditor_usernameInput' tagName='INPUT' type='text'}
:studio_deleteBtn_button	{id='studio_deleteBtn' tagName='BUTTON' type='button' value='<IMG src="http://localhost:8094/studio/static/turbo09/studio/images/close_b_24.png">'}
:studio_layout_BODY	{id='studio_layout' tagName='BODY'}
:studio_newServiceDataButton_button	{id='studio_newServiceDataButton' tagName='BUTTON' type='button' value='<IMG src="http://localhost:8094/studio/static/turbo09/studio/images/turbo/serviceData.png">'}
:studio_servicePane_serviceDialog_nameInput_text	{id='studio_servicePane_serviceDialog_nameInput' tagName='INPUT' type='text'}
:studio_servicePane_serviceDialog_operationSelect_select-one	{id='studio_servicePane_serviceDialog_operationSelect' tagName='SELECT' type='select-one'}
:studio_servicePane_serviceDialog_servicesSelect_select-one	{id='studio_servicePane_serviceDialog_servicesSelect' tagName='SELECT' type='select-one'}
:studio_tree_DIV	{id='studio_tree' tagName='DIV'}
:test.Submit_submit	{form='test' id='Submit_btn' name='Submit' tagName='INPUT' type='submit' value='Refresh'}
:test.html	test.html
:test.password_text	{form='test' id='password' name='password' tagName='INPUT' type='text'}
:test.userName_text	{form='test' id='userName' name='userName' tagName='INPUT' type='text'}
:testService: [testdb.data.Customers]_SPAN	{innerText='testService: [testdb.data.Customers]' occurrence='2' tagName='SPAN'}
:testService_SPAN	{innerText='testService' tagName='SPAN'}
:…_button	{innerText='…' tagName='BUTTON' type='button' value='…'}
:…_button_2	{innerText='…' occurrence='3' tagName='BUTTON' type='button' value='…'}
:…_button_3	{innerText='…' occurrence='5' tagName='BUTTON' type='button' value='…'}
